// Jest Snapshot v1, https://goo.gl/fbAQLP

exports[`<State /> [Item] matches the snapshot 1`] = `
ShallowWrapper {
  Symbol(enzyme.__root__): [Circular],
  Symbol(enzyme.__unrendered__): <State
    active={false}
    className=""
    disable={false}
    tabIndex={0}
    value="hot"
  >
     hot 
  </State>,
  Symbol(enzyme.__renderer__): Object {
    "batchedUpdates": [Function],
    "checkPropTypes": [Function],
    "getNode": [Function],
    "render": [Function],
    "simulateError": [Function],
    "simulateEvent": [Function],
    "unmount": [Function],
  },
  Symbol(enzyme.__node__): Object {
    "instance": null,
    "key": undefined,
    "nodeType": "host",
    "props": Object {
      "aria-checked": false,
      "children": Array [
        " hot ",
        <input
          defaultChecked={false}
          type="radio"
          value="hot"
        />,
      ],
      "className": "abg-switch__state   ",
      "role": "radio",
      "tabIndex": 0,
    },
    "ref": null,
    "rendered": Array [
      " hot ",
      Object {
        "instance": null,
        "key": undefined,
        "nodeType": "host",
        "props": Object {
          "defaultChecked": false,
          "type": "radio",
          "value": "hot",
        },
        "ref": null,
        "rendered": null,
        "type": "input",
      },
    ],
    "type": "span",
  },
  Symbol(enzyme.__nodes__): Array [
    Object {
      "instance": null,
      "key": undefined,
      "nodeType": "host",
      "props": Object {
        "aria-checked": false,
        "children": Array [
          " hot ",
          <input
            defaultChecked={false}
            type="radio"
            value="hot"
          />,
        ],
        "className": "abg-switch__state   ",
        "role": "radio",
        "tabIndex": 0,
      },
      "ref": null,
      "rendered": Array [
        " hot ",
        Object {
          "instance": null,
          "key": undefined,
          "nodeType": "host",
          "props": Object {
            "defaultChecked": false,
            "type": "radio",
            "value": "hot",
          },
          "ref": null,
          "rendered": null,
          "type": "input",
        },
      ],
      "type": "span",
    },
  ],
  Symbol(enzyme.__options__): Object {
    "adapter": ReactSixteenAdapter {
      "options": Object {
        "enableComponentDidUpdateOnSetState": true,
        "legacyContextMode": "parent",
        "lifecycles": Object {
          "componentDidUpdate": Object {
            "onSetState": true,
          },
          "getChildContext": Object {
            "calledByRenderer": false,
          },
          "getDerivedStateFromError": false,
          "getDerivedStateFromProps": Object {
            "hasShouldComponentUpdateBug": true,
          },
          "getSnapshotBeforeUpdate": true,
          "setState": Object {
            "skipsComponentDidUpdateOnNullish": true,
          },
        },
      },
    },
    Symbol(enzyme.__providerValues__): undefined,
  },
  Symbol(enzyme.__providerValues__): Map {},
}
`;

exports[`<State /> matches the snapshot 1`] = `
ShallowWrapper {
  Symbol(enzyme.__root__): [Circular],
  Symbol(enzyme.__unrendered__): <State
    active={false}
    className=""
    disable={false}
    tabIndex={0}
    value="hot"
  >
     hot 
  </State>,
  Symbol(enzyme.__renderer__): Object {
    "batchedUpdates": [Function],
    "checkPropTypes": [Function],
    "getNode": [Function],
    "render": [Function],
    "simulateError": [Function],
    "simulateEvent": [Function],
    "unmount": [Function],
  },
  Symbol(enzyme.__node__): Object {
    "instance": null,
    "key": undefined,
    "nodeType": "host",
    "props": Object {
      "aria-checked": false,
      "children": Array [
        " hot ",
        <input
          defaultChecked={false}
          type="radio"
          value="hot"
        />,
      ],
      "className": "abg-switch__state   ",
      "role": "radio",
      "tabIndex": 0,
    },
    "ref": null,
    "rendered": Array [
      " hot ",
      Object {
        "instance": null,
        "key": undefined,
        "nodeType": "host",
        "props": Object {
          "defaultChecked": false,
          "type": "radio",
          "value": "hot",
        },
        "ref": null,
        "rendered": null,
        "type": "input",
      },
    ],
    "type": "span",
  },
  Symbol(enzyme.__nodes__): Array [
    Object {
      "instance": null,
      "key": undefined,
      "nodeType": "host",
      "props": Object {
        "aria-checked": false,
        "children": Array [
          " hot ",
          <input
            defaultChecked={false}
            type="radio"
            value="hot"
          />,
        ],
        "className": "abg-switch__state   ",
        "role": "radio",
        "tabIndex": 0,
      },
      "ref": null,
      "rendered": Array [
        " hot ",
        Object {
          "instance": null,
          "key": undefined,
          "nodeType": "host",
          "props": Object {
            "defaultChecked": false,
            "type": "radio",
            "value": "hot",
          },
          "ref": null,
          "rendered": null,
          "type": "input",
        },
      ],
      "type": "span",
    },
  ],
  Symbol(enzyme.__options__): Object {
    "adapter": ReactSixteenAdapter {
      "options": Object {
        "enableComponentDidUpdateOnSetState": true,
        "legacyContextMode": "parent",
        "lifecycles": Object {
          "componentDidUpdate": Object {
            "onSetState": true,
          },
          "getChildContext": Object {
            "calledByRenderer": false,
          },
          "getDerivedStateFromError": false,
          "getDerivedStateFromProps": Object {
            "hasShouldComponentUpdateBug": true,
          },
          "getSnapshotBeforeUpdate": true,
          "setState": Object {
            "skipsComponentDidUpdateOnNullish": true,
          },
        },
      },
    },
    Symbol(enzyme.__providerValues__): undefined,
  },
  Symbol(enzyme.__providerValues__): Map {},
}
`;
